// Jest Snapshot v1, https://goo.gl/fbAQLP

exports[`renders correctly with defaults 1`] = `
<RCTSafeAreaView
  style={
    {
      "backgroundColor": "white",
      "flex": 1,
      "paddingVertical": 16,
    }
  }
>
  <View
    style={
      {
        "flex": 1,
        "overflow": "hidden",
      }
    }
  >
    <RCTScrollView
      applyWindowCorrection={[Function]}
      canChangeSize={true}
      contentContainerStyle={
        {
          "backgroundColor": undefined,
          "minHeight": 1,
          "minWidth": 1,
          "paddingLeft": 0,
          "paddingRight": 0,
        }
      }
      contentHeight={0}
      contentWidth={0}
      data={[]}
      dataProvider={
        DataProvider {
          "_data": [],
          "_firstIndexToProcess": 0,
          "_hasStableIds": false,
          "_requiresDataChangeHandling": false,
          "_size": 0,
          "getStableId": [Function],
          "rowHasChanged": [Function],
        }
      }
      disableRecycling={false}
      estimatedItemSize={100}
      extendedState={{}}
      externalScrollView={[Function]}
      finalRenderAheadOffset={250}
      forceNonDeterministicRendering={true}
      horizontal={false}
      initialOffset={0}
      initialRenderIndex={0}
      isHorizontal={false}
      layoutProvider={
        GridLayoutProviderWithProps {
          "_acceptableRelayoutDelta": 1,
          "_getHeightOrWidth": [Function],
          "_getLayoutTypeForIndex": [Function],
          "_getSpan": [Function],
          "_hasExpired": false,
          "_maxSpan": 1,
          "_setLayoutForType": [Function],
          "_tempDim": {
            "height": 0,
            "width": 0,
          },
          "averageWindow": AverageWindow {
            "currentAverage": 100,
            "currentCount": 1,
            "inputValues": [
              100,
            ],
            "nextIndex": 1,
          },
          "defaultEstimatedItemSize": 100,
          "layoutObject": {
            "size": undefined,
            "span": undefined,
          },
          "props": {
            "data": [],
            "estimatedItemSize": 100,
            "numColumns": 1,
            "renderItem": [Function],
          },
          "renderWindowInsets": {
            "height": 0,
            "width": 0,
          },
          "shouldRefreshWithAnchoring": true,
        }
      }
      maxRenderAhead={750}
      numColumns={1}
      onEndReached={[Function]}
      onEndReachedThreshold={0}
      onEndReachedThresholdRelative={0}
      onItemLayout={[Function]}
      onLayout={[Function]}
      onScroll={[Function]}
      onScrollBeginDrag={[Function]}
      onSizeChanged={[Function]}
      onVisibleIndicesChanged={[Function]}
      removeClippedSubviews={false}
      renderAheadOffset={0}
      renderAheadStep={250}
      renderContentContainer={[Function]}
      renderItem={[Function]}
      renderItemContainer={[Function]}
      rowRenderer={[Function]}
      scrollEventThrottle={16}
      scrollThrottle={16}
      scrollViewProps={
        {
          "contentContainerStyle": {
            "backgroundColor": undefined,
            "minHeight": 1,
            "minWidth": 1,
            "paddingLeft": 0,
            "paddingRight": 0,
          },
          "onLayout": [Function],
          "onScrollBeginDrag": [Function],
          "refreshControl": undefined,
          "style": {
            "minHeight": 1,
            "minWidth": 1,
          },
        }
      }
      style={
        {
          "minHeight": 1,
          "minWidth": 1,
        }
      }
      suppressBoundedSizeException={true}
      windowCorrectionConfig={
        {
          "applyToInitialOffset": true,
          "applyToItemScroll": true,
          "value": {
            "endCorrection": 0,
            "startCorrection": 0,
            "windowShift": -0,
          },
        }
      }
    >
      <View>
        <View
          style={
            {
              "flexDirection": "column",
            }
          }
        >
          <View
            style={
              {
                "paddingLeft": 0,
                "paddingTop": 0,
              }
            }
          />
          <View
            style={
              [
                undefined,
                undefined,
              ]
            }
          />
          <AutoLayoutView
            enableInstrumentation={false}
            horizontal={false}
            onBlankAreaEvent={[Function]}
            onLayout={[Function]}
            renderAheadOffset={0}
            scrollOffset={0}
            style={
              {
                "height": 0,
                "width": 0,
              }
            }
            windowSize={0}
          />
          <CellContainer
            index={-1}
            style={
              [
                undefined,
                undefined,
              ]
            }
          />
          <View
            style={
              {
                "paddingBottom": 0,
                "paddingRight": 0,
              }
            }
          />
        </View>
      </View>
    </RCTScrollView>
  </View>
</RCTSafeAreaView>
`;
